// Jest Snapshot v1, https://goo.gl/fbAQLP

exports[`Card renders correctly 1`] = `
<article
  className="small-movie-card catalog__movies-card"
  onMouseEnter={[Function]}
  onMouseLeave={[Function]}
>
  
  <div
    className="small-movie-card__image"
  >
    <img
      alt="Matrix"
      height="175"
      src="https://es31-server.appspot.com/wtw/static/film/preview/matrix.jpg"
      width="280"
    />
  </div>
  <h3
    className="small-movie-card__title"
  >
    Action
    <br />
    <a
      className="small-movie-card__link"
      href="/films/1"
      onClick={[Function]}
    >
      Matrix
    </a>
  </h3>
</article>
`;
