// Jest Snapshot v1, https://goo.gl/fbAQLP

exports[`withPrivateRoute renders correctly 1`] = `<withPrivateRoute />`;
