// Jest Snapshot v1, https://goo.gl/fbAQLP

exports[`Footer renders correctly 1`] = `
<footer
  className="page-footer"
>
  <div
    className="logo"
  >
    <Link
      className="logo__link logo__link--light"
      to="/"
    >
      <span
        className="logo__letter logo__letter--1"
      >
        W
      </span>
      <span
        className="logo__letter logo__letter--2"
      >
        T
      </span>
      <span
        className="logo__letter logo__letter--3"
      >
        W
      </span>
    </Link>
  </div>
  <div
    className="copyright"
  >
    <p>
      Â© 2019 What to watch Ltd.
    </p>
  </div>
</footer>
`;
