// Jest Snapshot v1, https://goo.gl/fbAQLP

exports[`ProgressBar renders correctly 1`] = `
<progress
  className="player__progress"
  max="100"
  onClick={[Function]}
  value="10"
/>
`;
