// Jest Snapshot v1, https://goo.gl/fbAQLP

exports[`Header renders correctly 1`] = `
<Header
  isAuthorizationRequired={false}
  isLogged={false}
  requireAuthorization={[Function]}
/>
`;
