// Jest Snapshot v1, https://goo.gl/fbAQLP

exports[`App renders correctly 1`] = `
<Switch>
  <Route
    component={
      Object {
        "$$typeof": Symbol(react.memo),
        "WrappedComponent": [Function],
        "compare": null,
        "displayName": "Connect(Home)",
        "type": [Function],
      }
    }
    exact={true}
    path="/"
  />
  <Route
    path="/login"
    render={[Function]}
  />
  <Route
    component={
      Object {
        "$$typeof": Symbol(react.memo),
        "WrappedComponent": [Function],
        "compare": null,
        "displayName": "Connect(Film)",
        "type": [Function],
      }
    }
    exact={true}
    path="/film/:id"
  />
  <Route
    component={
      Object {
        "$$typeof": Symbol(react.memo),
        "WrappedComponent": [Function],
        "compare": null,
        "displayName": "Connect(Film)",
        "type": [Function],
      }
    }
    path="/film/:id/details"
  />
  <Route
    component={
      Object {
        "$$typeof": Symbol(react.memo),
        "WrappedComponent": [Function],
        "compare": null,
        "displayName": "Connect(Film)",
        "type": [Function],
      }
    }
    path="/film/:id/reviews"
  />
  <Route
    component={
      Object {
        "$$typeof": Symbol(react.memo),
        "WrappedComponent": [Function],
        "compare": null,
        "displayName": "Connect(Review)",
        "type": [Function],
      }
    }
    exact={true}
    path="/film/:id/review"
  />
  <Route
    component={[Function]}
    path="/player"
  />
  <ConnectFunction
    component={
      Object {
        "$$typeof": Symbol(react.memo),
        "WrappedComponent": [Function],
        "compare": null,
        "displayName": "Connect(Mylist)",
        "type": [Function],
      }
    }
    exact={true}
    path="/mylist"
  />
  <Route
    render={[Function]}
  />
</Switch>
`;
