// Jest Snapshot v1, https://goo.gl/fbAQLP

exports[`withActiveItem renders correctly 1`] = `<withActiveItem />`;
