// Jest Snapshot v1, https://goo.gl/fbAQLP

exports[`SignIn renders correctly 1`] = `
<section
  className="sign-in user-page__content"
>
  <form
    className="sign-in__form"
    onSubmit={[Function]}
  >
    <div
      className="sign-in__fields"
    >
      <div
        className="sign-in__field "
      >
        <input
          autoComplete="username email"
          className="sign-in__input"
          id="user-email"
          name="user-email"
          onKeyUp={[Function]}
          placeholder="Email address"
          required="required"
          type="email"
        />
        <label
          className="sign-in__label visually-hidden"
          htmlFor="user-email"
        >
          Email address
        </label>
      </div>
      <div
        className="sign-in__field"
      >
        <input
          autoComplete="current-password"
          className="sign-in__input"
          id="user-password"
          name="user-password"
          onKeyUp={[Function]}
          placeholder="Password"
          required="required"
          type="password"
        />
        <label
          className="sign-in__label visually-hidden"
          htmlFor="user-password"
        >
          Password
        </label>
      </div>
    </div>
    <div
      className="sign-in__submit"
    >
      <button
        className="sign-in__btn"
        type="submit"
      >
        Sign in
      </button>
    </div>
  </form>
</section>
`;
